192.168.1.5 - - [20/Oct/2025:09:12:34 +0200] "GET /index.html HTTP/1.1" 200 1043 "-" "Mozilla/5.0 (Windows NT 10.0; Win64; x64)"
203.0.113.10 - - [20/Oct/2025:09:12:35 +0200] "GET /favicon.ico HTTP/1.1" 404 209 "-" "Mozilla/5.0 (Macintosh; Intel Mac OS X 10_15_7)"
10.0.0.25 - - [20/Oct/2025:09:12:40 +0200] "POST /login HTTP/1.1" 200 512 "https://example.com/login" "Mozilla/5.0 (iPhone; CPU iPhone OS 17_0 like Mac OS X)"
172.16.0.4 - - [20/Oct/2025:09:13:01 +0200] "GET /admin HTTP/1.1" 403 721 "-" "curl/7.88.1"
203.0.113.45 - - [20/Oct/2025:09:13:12 +0200] "GET /images/logo.png HTTP/1.1" 200 2048 "https://example.com/" "Mozilla/5.0 (Linux; Android 13)"
192.168.1.5 - - [20/Oct/2025:09:13:19 +0200] "GET /dashboard HTTP/1.1" 302 312 "-" "Mozilla/5.0 (Windows NT 10.0; Win64; x64)"
198.51.100.17 - - [20/Oct/2025:09:13:35 +0200] "GET /nonexistentpage HTTP/1.1" 404 298 "-" "Mozilla/5.0 (X11; Ubuntu; Linux x86_64)"
10.0.0.25 - - [20/Oct/2025:09:13:52 +0200] "GET /api/users?id=42 HTTP/1.1" 200 982 "https://example.com/app" "Mozilla/5.0 (Windows NT 10.0; Win64; x64)"
192.168.1.9 - - [20/Oct/2025:09:14:03 +0200] "GET /secret/.git/config HTTP/1.1" 403 342 "-" "sqlmap/1.6.12#dev"
203.0.113.10 - - [20/Oct/2025:09:14:17 +0200] "GET /style.css HTTP/1.1" 200 4456 "https://example.com/" "Mozilla/5.0 (Macintosh; Intel Mac OS X 10_15_7)"
198.51.100.17 - - [20/Oct/2025:09:14:23 +0200] "GET /wp-login.php HTTP/1.1" 404 528 "-" "Mozilla/5.0 (Windows NT 10.0; Win64; x64)"
192.168.1.5 - - [20/Oct/2025:09:14:48 +0200] "POST /submit-form HTTP/1.1" 500 0 "https://example.com/contact" "Mozilla/5.0 (iPad; CPU OS 14_2 like Mac OS X)"
172.16.0.4 - - [20/Oct/2025:09:15:01 +0200] "GET /robots.txt HTTP/1.1" 200 67 "-" "Googlebot/2.1 (+http://www.google.com/bot.html)"
203.0.113.99 - - [20/Oct/2025:09:15:08 +0200] "GET /images/banner.jpg HTTP/1.1" 200 12456 "https://example.com/home" "Mozilla/5.0 (Windows NT 11.0; Win64; x64)"
198.51.100.22 - - [20/Oct/2025:09:15:34 +0200] "GET /phpmyadmin HTTP/1.1" 403 657 "-" "curl/7.68.0"
192.168.1.5 - - [20/Oct/2025:09:15:51 +0200] "GET /logout HTTP/1.1" 302 324 "https://example.com/dashboard" "Mozilla/5.0 (Windows NT 10.0; Win64; x64)"
198.51.100.17 - - [20/Oct/2025:09:16:02 +0200] "GET /server-status HTTP/1.1" 401 511 "-" "Mozilla/5.0 (X11; Linux x86_64)"
10.0.0.25 - - [20/Oct/2025:09:16:18 +0200] "POST /api/login HTTP/1.1" 200 842 "https://example.com/app" "PostmanRuntime/7.36.1"
192.168.1.5 - - [20/Oct/2025:09:16:26 +0200] "GET /js/app.js HTTP/1.1" 200 6342 "https://example.com/home" "Mozilla/5.0 (Windows NT 10.0; Win64; x64)"
203.0.113.10 - - [20/Oct/2025:09:16:51 +0200] "GET /contact HTTP/1.1" 200 1534 "https://example.com/" "Mozilla/5.0 (Macintosh; Intel Mac OS X 10_15_7)"
198.51.100.22 - - [20/Oct/2025:09:17:03 +0200] "GET /etc/passwd HTTP/1.1" 403 0 "-" "curl/7.68.0"
172.16.0.4 - - [20/Oct/2025:09:17:17 +0200] "GET /admin/panel.php HTTP/1.1" 404 532 "-" "sqlmap/1.6.12#dev"
192.168.1.9 - - [20/Oct/2025:09:17:29 +0200] "GET /api/data?user=guest HTTP/1.1" 200 1103 "https://example.com/app" "Mozilla/5.0 (Windows NT 10.0; Win64; x64)"
203.0.113.45 - - [20/Oct/2025:09:17:42 +0200] "GET /about HTTP/1.1" 200 986 "-" "Mozilla/5.0 (Linux; Android 13)"
198.51.100.17 - - [20/Oct/2025:09:17:54 +0200] "GET /scripts/setup.sh HTTP/1.1" 403 234 "-" "curl/7.88.1"
192.168.1.5 - - [20/Oct/2025:09:18:02 +0200] "GET /home HTTP/1.1" 200 1042 "-" "Mozilla/5.0 (Windows NT 10.0; Win64; x64)"
203.0.113.10 - - [20/Oct/2025:09:18:18 +0200] "GET /old-page HTTP/1.1" 301 324 "-" "Mozilla/5.0 (Macintosh; Intel Mac OS X 10_15_7)"
198.51.100.22 - - [20/Oct/2025:09:18:26 +0200] "GET /backdoor.php HTTP/1.1" 403 521 "-" "sqlmap/1.6.12#dev"
172.16.0.4 - - [20/Oct/2025:09:18:33 +0200] "GET /server-info HTTP/1.1" 401 514 "-" "curl/7.88.1"
192.168.1.9 - - [20/Oct/2025:09:18:49 +0200] "GET /assets/icons.svg HTTP/1.1" 200 1452 "https://example.com/home" "Mozilla/5.0 (Windows NT 10.0; Win64; x64)"
